// Jest Snapshot v1, https://goo.gl/fbAQLP

exports[`<Footer /> should render correct text 1`] = `
<DocumentFragment>
  <footer
    data-testid="footer"
  >
    <div
      class="footer"
    >
      Footer
    </div>
  </footer>
</DocumentFragment>
`;
